exports[`test has not changed since the last snapshot 1`] = `
<div
  className="EssaysContent">
  <div
    className="EssaysItem">
    <p
      className="EssaysItemDate">
      2017-05-29
    </p>
    <a
      className="EssaysItemLink"
      href="#/Essays/hello_again_world"
      onClick={[Function]}>
      Hello Again, world!
    </a>
    <p
      className="EssaysItemDescription">
      Testing
    </p>
  </div>
  <div
    className="EssaysItem">
    <p
      className="EssaysItemDate">
      2017-05-29
    </p>
    <a
      className="EssaysItemLink"
      href="#/Essays/hello_world"
      onClick={[Function]}>
      Hello World
    </a>
    <p
      className="EssaysItemDescription">
      Testing
    </p>
  </div>
  <div
    className="RightColumnSpacer" />
</div>
`;
