exports[`test has not changed since the last snapshot 1`] = `
<div
  className="ModalBackground"
  style={
    Object {
      "display": "none",
      "height": 768,
      "width": 1024,
    }
  }>
  <div
    className="ProjectFilterBoundingBox">
    <div
      className="ProjectFilters">
      <button
        className="ProjectFilter"
        id="A-Z"
        onClick={[Function]}
        style={
          Object {
            "backgroundColor": "#666666",
            "borderColor": "#666666",
            "color": "#ffffff",
          }
        }>
        A-Z
      </button>
      <button
        className="ProjectFilter"
        id="Z-A"
        onClick={[Function]}
        style={Object {}}>
        Z-A
      </button>
      <button
        className="ProjectFilter"
        id="Newest"
        onClick={[Function]}
        style={Object {}}>
        Newest
      </button>
      <button
        className="ProjectFilter"
        id="Oldest"
        onClick={[Function]}
        style={Object {}}>
        Oldest
      </button>
    </div>
  </div>
</div>
`;
