exports[`test has not changed since the last snapshot 1`] = `
<div
  className="ModalBackground"
  style={
    Object {
      "height": 768,
      "width": 1024,
    }
  }>
  <div
    className="ProjectFilterBoundingBox">
    <div
      className="ProjectFilters">
      <a
        className="ProjectFilter"
        onClick={[Function]}
        style={
          Object {
            "borderColor": "rgb(0, 0, 0)",
            "color": "rgb(0, 0, 0)",
          }
        }>
        A-Z
      </a>
      <a
        className="ProjectFilter"
        onClick={[Function]}
        style={Object {}}>
        Z-A
      </a>
      <a
        className="ProjectFilter"
        onClick={[Function]}
        style={Object {}}>
        Newest
      </a>
      <a
        className="ProjectFilter"
        onClick={[Function]}
        style={Object {}}>
        Oldest
      </a>
    </div>
  </div>
</div>
`;
