exports[`test has not changed since the last snapshot 1`] = `
<div
  className="ProjectContent">
  <div
    className="ProjectFilters">
    <a
      onClick={[Function]}
      style={Object {}}>
      All
    </a>
    <a
      onClick={[Function]}
      style={Object {}}>
      Python
    </a>
    <a
      onClick={[Function]}
      style={Object {}}>
      JavaScript
    </a>
    <a
      onClick={[Function]}
      style={Object {}}>
      C++
    </a>
    <a
      onClick={[Function]}
      style={Object {}}>
      Misc
    </a>
    <a
      onClick={[Function]}
      style={Object {}}>
      Hack-A-Week
    </a>
  </div>
  <div
    className="ProjectFilters">
    <a
      onClick={[Function]}
      style={Object {}}>
      A-Z
    </a>
    <a
      onClick={[Function]}
      style={Object {}}>
      Z-A
    </a>
    <a
      onClick={[Function]}
      style={Object {}}>
      Newest
    </a>
    <a
      onClick={[Function]}
      style={Object {}}>
      Oldest
    </a>
  </div>
  <div
    style={
      Object {
        "height": "20px",
        "width": "100%",
      }
    } />
</div>
`;
